// Jest Snapshot v1, https://goo.gl/fbAQLP

exports[`passport jwt strategy errorCatcher catches async function errors and forwards them to callback 1`] = `[Error: Async error!]`;
