// Jest Snapshot v1, https://goo.gl/fbAQLP

exports[`validate handles error if data doesn't match joi schema 1`] = `
Array [
  [Error: Unprocessable Entity],
]
`;
